// Jest Snapshot v1, https://goo.gl/fbAQLP

exports[`[object Object] 1`] = `
Pointapp {
  "context": undefined,
  "getState": [Function],
  "handleEnter": [Function],
  "inputChange": [Function],
  "inputPointClean": [Function],
  "itempointDel": [Function],
  "itemsUpdate": [Function],
  "onBoundsChange": [Function],
  "onSortEnd": [Function],
  "props": undefined,
  "refs": Object {},
  "setCoordPoint": [Function],
  "setPointPar": [Function],
  "state": Object {
    "center": Array [
      53.353929,
      83.768455,
    ],
    "collapsed": false,
    "inputpoint": "",
    "items": Array [],
    "pointmove": Array [
      53.353929,
      83.768455,
    ],
    "points": Array [],
  },
  "toggle": [Function],
  "updater": Object {
    "enqueueForceUpdate": [Function],
    "enqueueReplaceState": [Function],
    "enqueueSetState": [Function],
    "isMounted": [Function],
  },
}
`;

exports[`Тест компонента с картой 1`] = `
Pointapp {
  "context": undefined,
  "getState": [Function],
  "handleEnter": [Function],
  "inputChange": [Function],
  "inputPointClean": [Function],
  "itempointDel": [Function],
  "itemsUpdate": [Function],
  "onBoundsChange": [Function],
  "onSortEnd": [Function],
  "props": undefined,
  "refs": Object {},
  "setCoordPoint": [Function],
  "setPointPar": [Function],
  "state": Object {
    "center": Array [
      53.353929,
      83.768455,
    ],
    "collapsed": false,
    "inputpoint": "",
    "items": Array [],
    "pointmove": Array [
      53.353929,
      83.768455,
    ],
    "points": Array [],
  },
  "toggle": [Function],
  "updater": Object {
    "enqueueForceUpdate": [Function],
    "enqueueReplaceState": [Function],
    "enqueueSetState": [Function],
    "isMounted": [Function],
  },
}
`;

exports[`Тест рендер компонента содержащего список точек 1`] = `
Pointapp {
  "context": undefined,
  "getState": [Function],
  "handleEnter": [Function],
  "inputChange": [Function],
  "inputPointClean": [Function],
  "itempointDel": [Function],
  "itemsUpdate": [Function],
  "onBoundsChange": [Function],
  "onSortEnd": [Function],
  "props": undefined,
  "refs": Object {},
  "setCoordPoint": [Function],
  "setPointPar": [Function],
  "state": Object {
    "center": Array [
      53.353929,
      83.768455,
    ],
    "collapsed": false,
    "inputpoint": "",
    "items": Array [],
    "pointmove": Array [
      53.353929,
      83.768455,
    ],
    "points": Array [],
  },
  "toggle": [Function],
  "updater": Object {
    "enqueueForceUpdate": [Function],
    "enqueueReplaceState": [Function],
    "enqueueSetState": [Function],
    "isMounted": [Function],
  },
}
`;

exports[`Тест рендера компонента списка 1`] = `[Function]`;
